Archive member included because of file (symbol)

c:/users/elsab/downloads/tools-20240724t065404z-001/tools/copy of imt sdk/03- imt sdk/imt_sdk_win_64/imt_sdk_win_64/winavr/bin/../lib/gcc/avr/4.3.3/avr5\libgcc.a(_udivmodsi4.o)
                              ./LCD_programm.o (__udivmodsi4)
c:/users/elsab/downloads/tools-20240724t065404z-001/tools/copy of imt sdk/03- imt sdk/imt_sdk_win_64/imt_sdk_win_64/winavr/bin/../lib/gcc/avr/4.3.3/avr5\libgcc.a(_exit.o)
                              c:/users/elsab/downloads/tools-20240724t065404z-001/tools/copy of imt sdk/03- imt sdk/imt_sdk_win_64/imt_sdk_win_64/winavr/bin/../lib/gcc/avr/4.3.3/../../../../avr/lib/avr5/crtm16.o (exit)
c:/users/elsab/downloads/tools-20240724t065404z-001/tools/copy of imt sdk/03- imt sdk/imt_sdk_win_64/imt_sdk_win_64/winavr/bin/../lib/gcc/avr/4.3.3/avr5\libgcc.a(_copy_data.o)
                              ./mainslave.o (__do_copy_data)

Memory Configuration

Name             Origin             Length             Attributes
text             0x00000000         0x00020000         xr
data             0x00800060         0x0000ffa0         rw !x
eeprom           0x00810000         0x00010000         rw !x
fuse             0x00820000         0x00000400         rw !x
lock             0x00830000         0x00000400         rw !x
signature        0x00840000         0x00000400         rw !x
*default*        0x00000000         0xffffffff

Linker script and memory map

LOAD c:/users/elsab/downloads/tools-20240724t065404z-001/tools/copy of imt sdk/03- imt sdk/imt_sdk_win_64/imt_sdk_win_64/winavr/bin/../lib/gcc/avr/4.3.3/../../../../avr/lib/avr5/crtm16.o
LOAD ./DIO_program.o
LOAD ./LCD_programm.o
LOAD ./TWI_prog.o
LOAD ./mainslave.o
LOAD c:/users/elsab/downloads/tools-20240724t065404z-001/tools/copy of imt sdk/03- imt sdk/imt_sdk_win_64/imt_sdk_win_64/winavr/bin/../lib/gcc/avr/4.3.3/avr5\libgcc.a
LOAD c:/users/elsab/downloads/tools-20240724t065404z-001/tools/copy of imt sdk/03- imt sdk/imt_sdk_win_64/imt_sdk_win_64/winavr/bin/../lib/gcc/avr/4.3.3/../../../../avr/lib/avr5\libc.a
LOAD c:/users/elsab/downloads/tools-20240724t065404z-001/tools/copy of imt sdk/03- imt sdk/imt_sdk_win_64/imt_sdk_win_64/winavr/bin/../lib/gcc/avr/4.3.3/avr5\libgcc.a

.hash
 *(.hash)

.dynsym
 *(.dynsym)

.dynstr
 *(.dynstr)

.gnu.version
 *(.gnu.version)

.gnu.version_d
 *(.gnu.version_d)

.gnu.version_r
 *(.gnu.version_r)

.rel.init
 *(.rel.init)

.rela.init
 *(.rela.init)

.rel.text
 *(.rel.text)
 *(.rel.text.*)
 *(.rel.gnu.linkonce.t*)

.rela.text
 *(.rela.text)
 *(.rela.text.*)
 *(.rela.gnu.linkonce.t*)

.rel.fini
 *(.rel.fini)

.rela.fini
 *(.rela.fini)

.rel.rodata
 *(.rel.rodata)
 *(.rel.rodata.*)
 *(.rel.gnu.linkonce.r*)

.rela.rodata
 *(.rela.rodata)
 *(.rela.rodata.*)
 *(.rela.gnu.linkonce.r*)

.rel.data
 *(.rel.data)
 *(.rel.data.*)
 *(.rel.gnu.linkonce.d*)

.rela.data
 *(.rela.data)
 *(.rela.data.*)
 *(.rela.gnu.linkonce.d*)

.rel.ctors
 *(.rel.ctors)

.rela.ctors
 *(.rela.ctors)

.rel.dtors
 *(.rel.dtors)

.rela.dtors
 *(.rela.dtors)

.rel.got
 *(.rel.got)

.rela.got
 *(.rela.got)

.rel.bss
 *(.rel.bss)

.rela.bss
 *(.rela.bss)

.rel.plt
 *(.rel.plt)

.rela.plt
 *(.rela.plt)

.text           0x00000000      0x81e
 *(.vectors)
 .vectors       0x00000000       0x54 c:/users/elsab/downloads/tools-20240724t065404z-001/tools/copy of imt sdk/03- imt sdk/imt_sdk_win_64/imt_sdk_win_64/winavr/bin/../lib/gcc/avr/4.3.3/../../../../avr/lib/avr5/crtm16.o
                0x00000000                __vectors
                0x00000000                __vector_default
 *(.vectors)
 *(.progmem.gcc*)
 *(.progmem*)
                0x00000054                . = ALIGN (0x2)
                0x00000054                __trampolines_start = .
 *(.trampolines)
 .trampolines   0x00000054        0x0 linker stubs
 *(.trampolines*)
                0x00000054                __trampolines_end = .
 *(.jumptables)
 *(.jumptables*)
 *(.lowtext)
 *(.lowtext*)
                0x00000054                __ctors_start = .
 *(.ctors)
                0x00000054                __ctors_end = .
                0x00000054                __dtors_start = .
 *(.dtors)
                0x00000054                __dtors_end = .
 SORT(*)(.ctors)
 SORT(*)(.dtors)
 *(.init0)
 .init0         0x00000054        0x0 c:/users/elsab/downloads/tools-20240724t065404z-001/tools/copy of imt sdk/03- imt sdk/imt_sdk_win_64/imt_sdk_win_64/winavr/bin/../lib/gcc/avr/4.3.3/../../../../avr/lib/avr5/crtm16.o
                0x00000054                __init
 *(.init0)
 *(.init1)
 *(.init1)
 *(.init2)
 .init2         0x00000054        0xc c:/users/elsab/downloads/tools-20240724t065404z-001/tools/copy of imt sdk/03- imt sdk/imt_sdk_win_64/imt_sdk_win_64/winavr/bin/../lib/gcc/avr/4.3.3/../../../../avr/lib/avr5/crtm16.o
 *(.init2)
 *(.init3)
 *(.init3)
 *(.init4)
 .init4         0x00000060       0x16 c:/users/elsab/downloads/tools-20240724t065404z-001/tools/copy of imt sdk/03- imt sdk/imt_sdk_win_64/imt_sdk_win_64/winavr/bin/../lib/gcc/avr/4.3.3/avr5\libgcc.a(_copy_data.o)
                0x00000060                __do_copy_data
 *(.init4)
 *(.init5)
 *(.init5)
 *(.init6)
 *(.init6)
 *(.init7)
 *(.init7)
 *(.init8)
 *(.init8)
 *(.init9)
 .init9         0x00000076        0x8 c:/users/elsab/downloads/tools-20240724t065404z-001/tools/copy of imt sdk/03- imt sdk/imt_sdk_win_64/imt_sdk_win_64/winavr/bin/../lib/gcc/avr/4.3.3/../../../../avr/lib/avr5/crtm16.o
 *(.init9)
 *(.text)
 .text          0x0000007e        0x4 c:/users/elsab/downloads/tools-20240724t065404z-001/tools/copy of imt sdk/03- imt sdk/imt_sdk_win_64/imt_sdk_win_64/winavr/bin/../lib/gcc/avr/4.3.3/../../../../avr/lib/avr5/crtm16.o
                0x0000007e                __vector_1
                0x0000007e                __vector_12
                0x0000007e                __bad_interrupt
                0x0000007e                __vector_6
                0x0000007e                __vector_3
                0x0000007e                __vector_11
                0x0000007e                __vector_13
                0x0000007e                __vector_17
                0x0000007e                __vector_19
                0x0000007e                __vector_7
                0x0000007e                __vector_5
                0x0000007e                __vector_4
                0x0000007e                __vector_9
                0x0000007e                __vector_2
                0x0000007e                __vector_15
                0x0000007e                __vector_8
                0x0000007e                __vector_14
                0x0000007e                __vector_10
                0x0000007e                __vector_16
                0x0000007e                __vector_18
                0x0000007e                __vector_20
 .text          0x00000082        0x0 ./DIO_program.o
 .text          0x00000082        0x0 ./LCD_programm.o
 .text          0x00000082        0x0 ./TWI_prog.o
 .text          0x00000082        0x0 ./mainslave.o
 .text          0x00000082        0x0 c:/users/elsab/downloads/tools-20240724t065404z-001/tools/copy of imt sdk/03- imt sdk/imt_sdk_win_64/imt_sdk_win_64/winavr/bin/../lib/gcc/avr/4.3.3/avr5\libgcc.a(_udivmodsi4.o)
 .text          0x00000082        0x0 c:/users/elsab/downloads/tools-20240724t065404z-001/tools/copy of imt sdk/03- imt sdk/imt_sdk_win_64/imt_sdk_win_64/winavr/bin/../lib/gcc/avr/4.3.3/avr5\libgcc.a(_exit.o)
 .text          0x00000082        0x0 c:/users/elsab/downloads/tools-20240724t065404z-001/tools/copy of imt sdk/03- imt sdk/imt_sdk_win_64/imt_sdk_win_64/winavr/bin/../lib/gcc/avr/4.3.3/avr5\libgcc.a(_copy_data.o)
                0x00000082                . = ALIGN (0x2)
 *(.text.*)
 .text.DIO_voidSetPortDirection
                0x00000082       0x22 ./DIO_program.o
                0x00000082                DIO_voidSetPortDirection
 .text.DIO_voidSetPortValue
                0x000000a4       0x22 ./DIO_program.o
                0x000000a4                DIO_voidSetPortValue
 .text.DIO_voidSetPinDirection
                0x000000c6       0xec ./DIO_program.o
                0x000000c6                DIO_voidSetPinDirection
 .text.DIO_voidSetPinValue
                0x000001b2       0xec ./DIO_program.o
                0x000001b2                DIO_voidSetPinValue
 .text.DIO_u8GetBitValue
                0x0000029e       0x42 ./DIO_program.o
                0x0000029e                DIO_u8GetBitValue
 .text.DIO_u8GetPinValue
                0x000002e0       0x40 ./DIO_program.o
                0x000002e0                DIO_u8GetPinValue
 .text.DIO_voidToggelPin
                0x00000320       0x6e ./DIO_program.o
                0x00000320                DIO_voidToggelPin
 .text.LCD_voidWriteBitsToSend
                0x0000038e       0xc8 ./LCD_programm.o
 .text.LCD_voidWriteCommand
                0x00000456       0x18 ./LCD_programm.o
                0x00000456                LCD_voidWriteCommand
 .text.LCD_voidClear
                0x0000046e        0x8 ./LCD_programm.o
                0x0000046e                LCD_voidClear
 .text.LCD_voidGoToXY
                0x00000476       0x38 ./LCD_programm.o
                0x00000476                LCD_voidGoToXY
 .text.LCD_voidWriteData
                0x000004ae       0x18 ./LCD_programm.o
                0x000004ae                LCD_voidWriteData
 .text.LCD_voidDisplaySpecialChar
                0x000004c6        0x6 ./LCD_programm.o
                0x000004c6                LCD_voidDisplaySpecialChar
 .text.LCD_voidWriteSpecialCharToCGRAM
                0x000004cc       0x3a ./LCD_programm.o
                0x000004cc                LCD_voidWriteSpecialCharToCGRAM
 .text.LCD_voidWriteNumber
                0x00000506       0xb2 ./LCD_programm.o
                0x00000506                LCD_voidWriteNumber
 .text.LCD_voidWriteString
                0x000005b8       0x18 ./LCD_programm.o
                0x000005b8                LCD_voidWriteString
 .text.LCD_voidInit
                0x000005d0       0x64 ./LCD_programm.o
                0x000005d0                LCD_voidInit
 .text.M_TWI_void_Init
                0x00000634       0x12 ./TWI_prog.o
                0x00000634                M_TWI_void_Init
 .text.M_TWI_u8_StartCondition
                0x00000646       0x22 ./TWI_prog.o
                0x00000646                M_TWI_u8_StartCondition
 .text.M_TWI_void_StopCondition
                0x00000668        0xe ./TWI_prog.o
                0x00000668                M_TWI_void_StopCondition
 .text.M_TWI_u8_RepeatedStart
                0x00000676       0x22 ./TWI_prog.o
                0x00000676                M_TWI_u8_RepeatedStart
 .text.M_TWI_u8_SendSlaveAddressWrite
                0x00000698       0x28 ./TWI_prog.o
                0x00000698                M_TWI_u8_SendSlaveAddressWrite
 .text.M_TWI_u8_SendSlaveAddressRead
                0x000006c0       0x28 ./TWI_prog.o
                0x000006c0                M_TWI_u8_SendSlaveAddressRead
 .text.M_TWI_u8_SendByte
                0x000006e8       0x1e ./TWI_prog.o
                0x000006e8                M_TWI_u8_SendByte
 .text.M_TWI_u8_ReadByte
                0x00000706       0x2e ./TWI_prog.o
                0x00000706                M_TWI_u8_ReadByte
 .text.main     0x00000734       0xa2 ./mainslave.o
                0x00000734                main
 .text.libgcc   0x000007d6       0x44 c:/users/elsab/downloads/tools-20240724t065404z-001/tools/copy of imt sdk/03- imt sdk/imt_sdk_win_64/imt_sdk_win_64/winavr/bin/../lib/gcc/avr/4.3.3/avr5\libgcc.a(_udivmodsi4.o)
                0x000007d6                __udivmodsi4
 .text.libgcc   0x0000081a        0x0 c:/users/elsab/downloads/tools-20240724t065404z-001/tools/copy of imt sdk/03- imt sdk/imt_sdk_win_64/imt_sdk_win_64/winavr/bin/../lib/gcc/avr/4.3.3/avr5\libgcc.a(_exit.o)
 .text.libgcc   0x0000081a        0x0 c:/users/elsab/downloads/tools-20240724t065404z-001/tools/copy of imt sdk/03- imt sdk/imt_sdk_win_64/imt_sdk_win_64/winavr/bin/../lib/gcc/avr/4.3.3/avr5\libgcc.a(_copy_data.o)
                0x0000081a                . = ALIGN (0x2)
 *(.fini9)
 .fini9         0x0000081a        0x0 c:/users/elsab/downloads/tools-20240724t065404z-001/tools/copy of imt sdk/03- imt sdk/imt_sdk_win_64/imt_sdk_win_64/winavr/bin/../lib/gcc/avr/4.3.3/avr5\libgcc.a(_exit.o)
                0x0000081a                exit
                0x0000081a                _exit
 *(.fini9)
 *(.fini8)
 *(.fini8)
 *(.fini7)
 *(.fini7)
 *(.fini6)
 *(.fini6)
 *(.fini5)
 *(.fini5)
 *(.fini4)
 *(.fini4)
 *(.fini3)
 *(.fini3)
 *(.fini2)
 *(.fini2)
 *(.fini1)
 *(.fini1)
 *(.fini0)
 .fini0         0x0000081a        0x4 c:/users/elsab/downloads/tools-20240724t065404z-001/tools/copy of imt sdk/03- imt sdk/imt_sdk_win_64/imt_sdk_win_64/winavr/bin/../lib/gcc/avr/4.3.3/avr5\libgcc.a(_exit.o)
 *(.fini0)
                0x0000081e                _etext = .

.data           0x00800060       0x24 load address 0x0000081e
                0x00800060                PROVIDE (__data_start, .)
 *(.data)
 .data          0x00800060        0x0 c:/users/elsab/downloads/tools-20240724t065404z-001/tools/copy of imt sdk/03- imt sdk/imt_sdk_win_64/imt_sdk_win_64/winavr/bin/../lib/gcc/avr/4.3.3/../../../../avr/lib/avr5/crtm16.o
 .data          0x00800060        0x0 ./DIO_program.o
 .data          0x00800060        0x0 ./LCD_programm.o
 .data          0x00800060        0x0 ./TWI_prog.o
 .data          0x00800060       0x24 ./mainslave.o
 .data          0x00800084        0x0 c:/users/elsab/downloads/tools-20240724t065404z-001/tools/copy of imt sdk/03- imt sdk/imt_sdk_win_64/imt_sdk_win_64/winavr/bin/../lib/gcc/avr/4.3.3/avr5\libgcc.a(_udivmodsi4.o)
 .data          0x00800084        0x0 c:/users/elsab/downloads/tools-20240724t065404z-001/tools/copy of imt sdk/03- imt sdk/imt_sdk_win_64/imt_sdk_win_64/winavr/bin/../lib/gcc/avr/4.3.3/avr5\libgcc.a(_exit.o)
 .data          0x00800084        0x0 c:/users/elsab/downloads/tools-20240724t065404z-001/tools/copy of imt sdk/03- imt sdk/imt_sdk_win_64/imt_sdk_win_64/winavr/bin/../lib/gcc/avr/4.3.3/avr5\libgcc.a(_copy_data.o)
 *(.data*)
 *(.rodata)
 *(.rodata*)
 *(.gnu.linkonce.d*)
                0x00800084                . = ALIGN (0x2)
                0x00800084                _edata = .
                0x00800084                PROVIDE (__data_end, .)

.bss            0x00800084        0x0
                0x00800084                PROVIDE (__bss_start, .)
 *(.bss)
 .bss           0x00800084        0x0 c:/users/elsab/downloads/tools-20240724t065404z-001/tools/copy of imt sdk/03- imt sdk/imt_sdk_win_64/imt_sdk_win_64/winavr/bin/../lib/gcc/avr/4.3.3/../../../../avr/lib/avr5/crtm16.o
 .bss           0x00800084        0x0 ./DIO_program.o
 .bss           0x00800084        0x0 ./LCD_programm.o
 .bss           0x00800084        0x0 ./TWI_prog.o
 .bss           0x00800084        0x0 ./mainslave.o
 .bss           0x00800084        0x0 c:/users/elsab/downloads/tools-20240724t065404z-001/tools/copy of imt sdk/03- imt sdk/imt_sdk_win_64/imt_sdk_win_64/winavr/bin/../lib/gcc/avr/4.3.3/avr5\libgcc.a(_udivmodsi4.o)
 .bss           0x00800084        0x0 c:/users/elsab/downloads/tools-20240724t065404z-001/tools/copy of imt sdk/03- imt sdk/imt_sdk_win_64/imt_sdk_win_64/winavr/bin/../lib/gcc/avr/4.3.3/avr5\libgcc.a(_exit.o)
 .bss           0x00800084        0x0 c:/users/elsab/downloads/tools-20240724t065404z-001/tools/copy of imt sdk/03- imt sdk/imt_sdk_win_64/imt_sdk_win_64/winavr/bin/../lib/gcc/avr/4.3.3/avr5\libgcc.a(_copy_data.o)
 *(.bss*)
 *(COMMON)
                0x00800084                PROVIDE (__bss_end, .)
                0x0000081e                __data_load_start = LOADADDR (.data)
                0x00000842                __data_load_end = (__data_load_start + SIZEOF (.data))

.noinit         0x00800084        0x0
                0x00800084                PROVIDE (__noinit_start, .)
 *(.noinit*)
                0x00800084                PROVIDE (__noinit_end, .)
                0x00800084                _end = .
                0x00800084                PROVIDE (__heap_start, .)

.eeprom         0x00810000        0x0
 *(.eeprom*)
                0x00810000                __eeprom_end = .

.fuse
 *(.fuse)
 *(.lfuse)
 *(.hfuse)
 *(.efuse)

.lock
 *(.lock*)

.signature
 *(.signature*)

.stab
 *(.stab)

.stabstr
 *(.stabstr)

.stab.excl
 *(.stab.excl)

.stab.exclstr
 *(.stab.exclstr)

.stab.index
 *(.stab.index)

.stab.indexstr
 *(.stab.indexstr)

.comment
 *(.comment)

.debug
 *(.debug)

.line
 *(.line)

.debug_srcinfo
 *(.debug_srcinfo)

.debug_sfnames
 *(.debug_sfnames)

.debug_aranges
 *(.debug_aranges)

.debug_pubnames
 *(.debug_pubnames)

.debug_info
 *(.debug_info)
 *(.gnu.linkonce.wi.*)

.debug_abbrev
 *(.debug_abbrev)

.debug_line
 *(.debug_line)

.debug_frame
 *(.debug_frame)

.debug_str
 *(.debug_str)

.debug_loc
 *(.debug_loc)

.debug_macinfo
 *(.debug_macinfo)
OUTPUT(SLAVE.elf elf32-avr)
LOAD linker stubs
